******************************************************************************
                  TI ARM Linker Unix v18.1.5                   
******************************************************************************
>> Linked Thu Apr  4 13:52:36 2019

OUTPUT FILE NAME:   <Final Project - Frequency Meter 2 DOESNOTWORK.out>
ENTRY POINT SYMBOL: "_c_int00_noargs"  address: 00000949


MEMORY CONFIGURATION

         name            origin    length      used     unused   attr    fill
----------------------  --------  ---------  --------  --------  ----  --------
  MAIN                  00000000   00040000  00000a12  0003f5ee  R  X
  INFO                  00200000   00004000  00000000  00004000  R  X
  SRAM_CODE             01000000   00010000  0000021c  0000fde4  RW X
  SRAM_DATA             20000000   00010000  0000021c  0000fde4  RW  


SEGMENT ALLOCATION MAP

run origin  load origin   length   init length attrs members
----------  ----------- ---------- ----------- ----- -------
00000000    00000000    00000a18   00000a18    r-x
  00000000    00000000    000000e4   000000e4    r-- .intvecs
  000000e4    000000e4    000008c0   000008c0    r-x .text
  000009a4    000009a4    0000004e   0000004e    r-- .const
  000009f8    000009f8    00000020   00000020    r-- .cinit
20000000    20000000    0000001c   00000000    rw-
  20000000    20000000    0000001c   00000000    rw- .data
2000fe00    2000fe00    00000200   00000000    rw-
  2000fe00    2000fe00    00000200   00000000    rw- .stack


SECTION ALLOCATION MAP

 output                                  attributes/
section   page    origin      length       input sections
--------  ----  ----------  ----------   ----------------
.intvecs   0    00000000    000000e4     
                  00000000    000000e4     startup_msp432p401r_ccs.obj (.intvecs:retain)

.text      0    000000e4    000008c0     
                  000000e4    000003e8     main.obj (.text)
                  000004cc    00000334     system_msp432p401r.obj (.text)
                  00000800    0000009c     rtsv7M4_T_le_v4SPD16_eabi.lib : memcpy_t2.asm.obj (.text)
                  0000089c    00000068                                   : copy_decompress_lzss.c.obj (.text:decompress:lzss:__TI_decompress_lzss)
                  00000904    00000044                                   : autoinit.c.obj (.text:__TI_auto_init_nobinit_nopinit:__TI_auto_init_nobinit_nopinit)
                  00000948    00000038                                   : boot_cortex_m.c.obj (.text:_c_int00_noargs:_c_int00_noargs)
                  00000980    0000000e                                   : copy_decompress_none.c.obj (.text:decompress:none:__TI_decompress_none)
                  0000098e    0000000e     startup_msp432p401r_ccs.obj (.text)
                  0000099c    00000004     rtsv7M4_T_le_v4SPD16_eabi.lib : pre_init.c.obj (.text:_system_pre_init)
                  000009a0    00000004                                   : exit.c.obj (.text:abort:abort)

.const     0    000009a4    0000004e     
                  000009a4    0000004e     main.obj (.const:font_table)

.cinit     0    000009f8    00000020     
                  000009f8    0000000f     (.cinit..data.load) [load image, compression = lzss]
                  00000a07    00000001     --HOLE-- [fill = 0]
                  00000a08    00000008     (__TI_handler_table)
                  00000a10    00000008     (__TI_cinit_table)

.init_array 
*          0    00000000    00000000     UNINITIALIZED

.binit     0    00000000    00000000     

.data      0    20000000    0000001c     UNINITIALIZED
                  20000000    00000018     main.obj (.data)
                  20000018    00000004     system_msp432p401r.obj (.data)

.stack     0    2000fe00    00000200     UNINITIALIZED
                  2000fe00    00000004     rtsv7M4_T_le_v4SPD16_eabi.lib : boot_cortex_m.c.obj (.stack)
                  2000fe04    000001fc     --HOLE--

MODULE SUMMARY

       Module                        code   ro data   rw data
       ------                        ----   -------   -------
    ./
       main.obj                      1000   78        48     
       system_msp432p401r.obj        820    0         8      
       startup_msp432p401r_ccs.obj   14     228       0      
    +--+-----------------------------+------+---------+---------+
       Total:                        1834   306       56     
                                                             
    /Applications/ti/ccsv8/tools/compiler/ti-cgt-arm_18.1.5.LTS/lib/rtsv7M4_T_le_v4SPD16_eabi.lib
       memcpy_t2.asm.obj             156    0         0      
       copy_decompress_lzss.c.obj    104    0         0      
       autoinit.c.obj                68     0         0      
       boot_cortex_m.c.obj           56     0         0      
       copy_decompress_none.c.obj    14     0         0      
       exit.c.obj                    4      0         0      
       pre_init.c.obj                4      0         0      
    +--+-----------------------------+------+---------+---------+
       Total:                        406    0         0      
                                                             
       Stack:                        0      0         1024   
       Linker Generated:             0      31        0      
    +--+-----------------------------+------+---------+---------+
       Grand Total:                  2240   337       1080   


LINKER GENERATED COPY TABLES

__TI_cinit_table @ 00000a10 records: 1, size/record: 8, table size: 8
	.data: load addr=000009f8, load size=0000000f bytes, run addr=20000000, run size=0000001c bytes, compression=lzss


LINKER GENERATED HANDLER TABLE

__TI_handler_table @ 00000a08 records: 2, size/record: 4, table size: 8
	index: 0, handler: __TI_decompress_lzss
	index: 1, handler: __TI_decompress_none


GLOBAL SYMBOLS: SORTED ALPHABETICALLY BY Name 

address   name                          
-------   ----                          
000003f1  ADC14_IRQHandler              
000003f1  ADC14_IRQHandler              
0000099b  AES256_IRQHandler             
0000099b  BusFault_Handler              
000009a1  C$$EXIT                       
0000099b  COMP_E0_IRQHandler            
0000099b  COMP_E1_IRQHandler            
0000099b  CS_IRQHandler                 
0000099b  DMA_ERR_IRQHandler            
0000099b  DMA_INT0_IRQHandler           
0000099b  DMA_INT1_IRQHandler           
0000099b  DMA_INT2_IRQHandler           
0000099b  DMA_INT3_IRQHandler           
0000099b  DebugMon_Handler              
0000099b  Default_Handler               
0000099b  EUSCIA0_IRQHandler            
0000099b  EUSCIA1_IRQHandler            
0000099b  EUSCIA2_IRQHandler            
0000099b  EUSCIA3_IRQHandler            
0000099b  EUSCIB0_IRQHandler            
0000099b  EUSCIB1_IRQHandler            
0000099b  EUSCIB2_IRQHandler            
0000099b  EUSCIB3_IRQHandler            
0000099b  FLCTL_IRQHandler              
0000099b  FPU_IRQHandler                
0000013b  GLCD_clear                    
000001b7  GLCD_command_write            
0000019d  GLCD_data_write               
00000167  GLCD_init                     
000000e5  GLCD_putchar                  
00000115  GLCD_setCursor                
0000099b  HardFault_Handler             
0000099b  MemManage_Handler             
0000099b  NMI_Handler                   
0000099b  PCM_IRQHandler                
0000099b  PORT1_IRQHandler              
0000099b  PORT2_IRQHandler              
0000099b  PORT3_IRQHandler              
0000099b  PORT4_IRQHandler              
0000099b  PORT5_IRQHandler              
0000099b  PORT6_IRQHandler              
0000099b  PSS_IRQHandler                
0000099b  PendSV_Handler                
0000099b  RTC_C_IRQHandler              
0000098f  Reset_Handler                 
000001d1  SPI_init                      
00000223  SPI_write                     
0000099b  SVC_Handler                   
0000099b  SysTick_Handler               
20000018  SystemCoreClock               
000004cd  SystemCoreClockUpdate         
00000745  SystemInit                    
0000099b  T32_INT1_IRQHandler           
0000099b  T32_INT2_IRQHandler           
0000099b  T32_INTC_IRQHandler           
0000099b  TA0_0_IRQHandler              
0000099b  TA0_N_IRQHandler              
0000099b  TA1_0_IRQHandler              
0000099b  TA1_N_IRQHandler              
0000099b  TA2_0_IRQHandler              
0000099b  TA2_N_IRQHandler              
0000099b  TA3_0_IRQHandler              
0000099b  TA3_N_IRQHandler              
0000099b  UsageFault_Handler            
4000480c  WDTCTL_SYM                    
0000099b  WDT_A_IRQHandler              
20010000  __STACK_END                   
00000200  __STACK_SIZE                  
00000a10  __TI_CINIT_Base               
00000a18  __TI_CINIT_Limit              
00000a08  __TI_Handler_Table_Base       
00000a10  __TI_Handler_Table_Limit      
00000905  __TI_auto_init_nobinit_nopinit
0000089d  __TI_decompress_lzss          
00000981  __TI_decompress_none          
ffffffff  __TI_pprof_out_hndl           
ffffffff  __TI_prof_data_size           
ffffffff  __TI_prof_data_start          
00000000  __TI_static_base__            
00000801  __aeabi_memcpy                
00000801  __aeabi_memcpy4               
00000801  __aeabi_memcpy8               
ffffffff  __binit__                     
ffffffff  __c_args__                    
UNDEFED   __mpu_init                    
2000fe00  __stack                       
00000949  _c_int00_noargs               
UNDEFED   _system_post_cinit            
0000099d  _system_pre_init              
000009a1  abort                         
ffffffff  binit                         
2000000c  cur_time                      
00000253  display                       
000009a4  font_table                    
00000000  interruptVectors              
20000014  j                             
00000327  main                          
00000801  memcpy                        
20000004  period                        
20000008  prev_time                     
20000010  prev_val                      
20000000  result                        


GLOBAL SYMBOLS: SORTED BY Symbol Address 

address   name                          
-------   ----                          
00000000  __TI_static_base__            
00000000  interruptVectors              
000000e5  GLCD_putchar                  
00000115  GLCD_setCursor                
0000013b  GLCD_clear                    
00000167  GLCD_init                     
0000019d  GLCD_data_write               
000001b7  GLCD_command_write            
000001d1  SPI_init                      
00000200  __STACK_SIZE                  
00000223  SPI_write                     
00000253  display                       
00000327  main                          
000003f1  ADC14_IRQHandler              
000003f1  ADC14_IRQHandler              
000004cd  SystemCoreClockUpdate         
00000745  SystemInit                    
00000801  __aeabi_memcpy                
00000801  __aeabi_memcpy4               
00000801  __aeabi_memcpy8               
00000801  memcpy                        
0000089d  __TI_decompress_lzss          
00000905  __TI_auto_init_nobinit_nopinit
00000949  _c_int00_noargs               
00000981  __TI_decompress_none          
0000098f  Reset_Handler                 
0000099b  AES256_IRQHandler             
0000099b  BusFault_Handler              
0000099b  COMP_E0_IRQHandler            
0000099b  COMP_E1_IRQHandler            
0000099b  CS_IRQHandler                 
0000099b  DMA_ERR_IRQHandler            
0000099b  DMA_INT0_IRQHandler           
0000099b  DMA_INT1_IRQHandler           
0000099b  DMA_INT2_IRQHandler           
0000099b  DMA_INT3_IRQHandler           
0000099b  DebugMon_Handler              
0000099b  Default_Handler               
0000099b  EUSCIA0_IRQHandler            
0000099b  EUSCIA1_IRQHandler            
0000099b  EUSCIA2_IRQHandler            
0000099b  EUSCIA3_IRQHandler            
0000099b  EUSCIB0_IRQHandler            
0000099b  EUSCIB1_IRQHandler            
0000099b  EUSCIB2_IRQHandler            
0000099b  EUSCIB3_IRQHandler            
0000099b  FLCTL_IRQHandler              
0000099b  FPU_IRQHandler                
0000099b  HardFault_Handler             
0000099b  MemManage_Handler             
0000099b  NMI_Handler                   
0000099b  PCM_IRQHandler                
0000099b  PORT1_IRQHandler              
0000099b  PORT2_IRQHandler              
0000099b  PORT3_IRQHandler              
0000099b  PORT4_IRQHandler              
0000099b  PORT5_IRQHandler              
0000099b  PORT6_IRQHandler              
0000099b  PSS_IRQHandler                
0000099b  PendSV_Handler                
0000099b  RTC_C_IRQHandler              
0000099b  SVC_Handler                   
0000099b  SysTick_Handler               
0000099b  T32_INT1_IRQHandler           
0000099b  T32_INT2_IRQHandler           
0000099b  T32_INTC_IRQHandler           
0000099b  TA0_0_IRQHandler              
0000099b  TA0_N_IRQHandler              
0000099b  TA1_0_IRQHandler              
0000099b  TA1_N_IRQHandler              
0000099b  TA2_0_IRQHandler              
0000099b  TA2_N_IRQHandler              
0000099b  TA3_0_IRQHandler              
0000099b  TA3_N_IRQHandler              
0000099b  UsageFault_Handler            
0000099b  WDT_A_IRQHandler              
0000099d  _system_pre_init              
000009a1  C$$EXIT                       
000009a1  abort                         
000009a4  font_table                    
00000a08  __TI_Handler_Table_Base       
00000a10  __TI_CINIT_Base               
00000a10  __TI_Handler_Table_Limit      
00000a18  __TI_CINIT_Limit              
20000000  result                        
20000004  period                        
20000008  prev_time                     
2000000c  cur_time                      
20000010  prev_val                      
20000014  j                             
20000018  SystemCoreClock               
2000fe00  __stack                       
20010000  __STACK_END                   
4000480c  WDTCTL_SYM                    
ffffffff  __TI_pprof_out_hndl           
ffffffff  __TI_prof_data_size           
ffffffff  __TI_prof_data_start          
ffffffff  __binit__                     
ffffffff  __c_args__                    
ffffffff  binit                         
UNDEFED   __mpu_init                    
UNDEFED   _system_post_cinit            

[102 symbols]
